blocked U1.14 -> R7.1
  reason: no route reaches R7.1 without passing through U1
  blocked by: U1, da5aa983
---
{
  "status": "blocked",
  "from": "U1.14",
  "to": "R7.1",
  "path": [],
  "segments": 0,
  "corners": 0,
  "length_mm": 0.0,
  "cost": {
    "total": 0,
    "length": 0,
    "turns": 0,
    "crossings": 0,
    "text": 0,
    "proximity": 0
  },
  "crossings": [],
  "adjusted": [],
  "added": {
    "wires": [],
    "junctions": []
  },
  "joined_net": null,
  "labels": null,
  "blocked_by": [
    "U1",
    "da5aa983"
  ],
  "reason": "no route reaches R7.1 without passing through U1",
  "alternatives_considered": 12
}
