routed R1.1 -> R2.1   via 3 segments, 2 corners, 35.56mm
  reason: R2.1 would have made a fourth wire end meet at one point
  cost 44 = length 28 + turns 12 + crossings 0 + text 0 + proximity 4
  adjusted: R2.1 by 0.00,1.27mm (four-way)
  wires added: 3   junctions added: 0
---
{
  "status": "routed",
  "from": "R1.1",
  "to": "R2.1",
  "path": [
    [
      50.8,
      50.8
    ],
    [
      50.8,
      45.72
    ],
    [
      76.2,
      45.72
    ],
    [
      76.2,
      50.8
    ]
  ],
  "segments": 3,
  "corners": 2,
  "length_mm": 35.56,
  "cost": {
    "total": 44,
    "length": 28,
    "turns": 12,
    "crossings": 0,
    "text": 0,
    "proximity": 4
  },
  "crossings": [],
  "adjusted": [
    {
      "terminal": "R2.1",
      "by": [
        0.0,
        1.27
      ],
      "why": "four-way"
    }
  ],
  "added": {
    "wires": [
      "3300f00e-dc07-4c4e-811a-f305c873c0c1",
      "6aea2f35-b58c-4e72-83d9-bf9fd68b038d",
      "414f47f3-0347-4f74-86ec-5e4a7179f8d3"
    ],
    "junctions": []
  },
  "labels": null,
  "blocked_by": [],
  "reason": "R2.1 would have made a fourth wire end meet at one point",
  "alternatives_considered": 0
}
